<?xml version="1.0" encoding="UTF-8"?>
<dataset>
	<Users id="1"
           telegram_id="25"
           phone="22222222"
           is_admin="false"
           version="2"
    />
</dataset>